create extension pg_mon;
create extension pg_stat_statements;
set query_monitor.min_duration = 0;
set pg_stat_statements.track = 'all';
create table t (i int, j text);
insert into t values (generate_series(1,10), repeat('bsdshkjd3h', 10));
analyze t;
-- Seq scan query output
select pg_mon_reset();
 pg_mon_reset 
--------------
 
(1 row)

select pg_stat_statements_reset();
 pg_stat_statements_reset 
--------------------------
 
(1 row)

select * from t;
 i  |                                                  j                                                   
----+------------------------------------------------------------------------------------------------------
  1 | bsdshkjd3hbsdshkjd3hbsdshkjd3hbsdshkjd3hbsdshkjd3hbsdshkjd3hbsdshkjd3hbsdshkjd3hbsdshkjd3hbsdshkjd3h
  2 | bsdshkjd3hbsdshkjd3hbsdshkjd3hbsdshkjd3hbsdshkjd3hbsdshkjd3hbsdshkjd3hbsdshkjd3hbsdshkjd3hbsdshkjd3h
  3 | bsdshkjd3hbsdshkjd3hbsdshkjd3hbsdshkjd3hbsdshkjd3hbsdshkjd3hbsdshkjd3hbsdshkjd3hbsdshkjd3hbsdshkjd3h
  4 | bsdshkjd3hbsdshkjd3hbsdshkjd3hbsdshkjd3hbsdshkjd3hbsdshkjd3hbsdshkjd3hbsdshkjd3hbsdshkjd3hbsdshkjd3h
  5 | bsdshkjd3hbsdshkjd3hbsdshkjd3hbsdshkjd3hbsdshkjd3hbsdshkjd3hbsdshkjd3hbsdshkjd3hbsdshkjd3hbsdshkjd3h
  6 | bsdshkjd3hbsdshkjd3hbsdshkjd3hbsdshkjd3hbsdshkjd3hbsdshkjd3hbsdshkjd3hbsdshkjd3hbsdshkjd3hbsdshkjd3h
  7 | bsdshkjd3hbsdshkjd3hbsdshkjd3hbsdshkjd3hbsdshkjd3hbsdshkjd3hbsdshkjd3hbsdshkjd3hbsdshkjd3hbsdshkjd3h
  8 | bsdshkjd3hbsdshkjd3hbsdshkjd3hbsdshkjd3hbsdshkjd3hbsdshkjd3hbsdshkjd3hbsdshkjd3hbsdshkjd3hbsdshkjd3h
  9 | bsdshkjd3hbsdshkjd3hbsdshkjd3hbsdshkjd3hbsdshkjd3hbsdshkjd3hbsdshkjd3hbsdshkjd3hbsdshkjd3hbsdshkjd3h
 10 | bsdshkjd3hbsdshkjd3hbsdshkjd3hbsdshkjd3hbsdshkjd3hbsdshkjd3hbsdshkjd3hbsdshkjd3hbsdshkjd3hbsdshkjd3h
(10 rows)

select query, current_expected_rows, current_actual_rows, seq_scans, buckets, frequencies from pg_mon, pg_stat_statements where pg_stat_statements.queryid = pg_mon.queryid and query = 'select * from t';
      query      | current_expected_rows | current_actual_rows | seq_scans | buckets | frequencies 
-----------------+-----------------------+---------------------+-----------+---------+-------------
 select * from t |                    10 |                  10 | {t}       | {5}     | {1}
(1 row)

create index on t(i);
analyze t;
set random_page_cost = 0;
--Index scan output
select pg_mon_reset();
 pg_mon_reset 
--------------
 
(1 row)

select pg_stat_statements_reset();
 pg_stat_statements_reset 
--------------------------
 
(1 row)

select count(*) from t where i < 5;
 count 
-------
     4
(1 row)

select query, current_expected_rows, current_actual_rows, seq_scans, index_scans, buckets, frequencies from pg_mon, pg_stat_statements where pg_stat_statements.queryid = pg_mon.queryid and query = 'select count(*) from t where i < $1';
                query                | current_expected_rows | current_actual_rows | seq_scans | index_scans | buckets | frequencies 
-------------------------------------+-----------------------+---------------------+-----------+-------------+---------+-------------
 select count(*) from t where i < $1 |                     1 |                   1 |           | {t_i_idx}   | {5}     | {1}
(1 row)

